[2026-05-14 22:08:00] INFO baseline: Device: cuda; out_dir: runs\mini_xception_baseline
[2026-05-14 22:08:00] INFO baseline: Train batches: 224 | Val: 29 | Test: 29
[2026-05-14 22:08:00] INFO baseline: Model: mini_xception | params: 0.06M
[2026-05-14 22:09:44] INFO baseline: Device: cuda; out_dir: runs\mini_xception_baseline
[2026-05-14 22:09:44] INFO baseline: Train batches: 224 | Val: 29 | Test: 29
[2026-05-14 22:09:44] INFO baseline: Model: mini_xception | params: 0.06M
[2026-05-14 22:11:13] INFO baseline: epoch 001/80 | tr_loss 1.4253 | val_loss 2.7432 | val_acc 2.03% | val_f1 1.51% | lr 3.35e-04 | 87.6s
[2026-05-14 22:12:08] INFO baseline: epoch 002/80 | tr_loss 1.2233 | val_loss 2.9543 | val_acc 3.54% | val_f1 4.09% | lr 6.68e-04 | 54.2s
[2026-05-14 22:27:00] INFO baseline: Device: cuda; out_dir: runs\mini_xception_baseline
[2026-05-14 22:27:01] INFO baseline: Train batches: 224 | Val: 29 | Test: 29
[2026-05-14 22:27:01] INFO baseline: Model: mini_xception | params: 0.06M
[2026-05-14 22:27:37] INFO baseline: epoch 001/80 | tr_loss 1.4286 | val_loss 2.7202 | val_acc 2.15% | val_f1 1.74% | lr 3.35e-04 | 35.4s
[2026-05-14 22:27:37] INFO baseline:   >> new best macro-F1 1.74% (saved best.pt)
[2026-05-14 22:27:41] INFO baseline: epoch 002/80 | tr_loss 1.2174 | val_loss 2.8874 | val_acc 3.93% | val_f1 4.79% | lr 6.68e-04 | 3.5s
[2026-05-14 22:27:41] INFO baseline:   >> new best macro-F1 4.79% (saved best.pt)
[2026-05-14 22:27:44] INFO baseline: epoch 003/80 | tr_loss 1.1242 | val_loss 2.4685 | val_acc 10.73% | val_f1 12.65% | lr 1.00e-03 | 3.4s
[2026-05-14 22:27:44] INFO baseline:   >> new best macro-F1 12.65% (saved best.pt)
[2026-05-14 22:27:48] INFO baseline: epoch 004/80 | tr_loss 1.0421 | val_loss 2.0061 | val_acc 25.16% | val_f1 19.87% | lr 1.00e-03 | 3.4s
[2026-05-14 22:27:48] INFO baseline:   >> new best macro-F1 19.87% (saved best.pt)
[2026-05-14 22:27:51] INFO baseline: epoch 005/80 | tr_loss 0.9684 | val_loss 1.9612 | val_acc 26.27% | val_f1 23.47% | lr 9.98e-04 | 3.4s
[2026-05-14 22:27:51] INFO baseline:   >> new best macro-F1 23.47% (saved best.pt)
[2026-05-14 22:27:54] INFO baseline: epoch 006/80 | tr_loss 0.9551 | val_loss 1.6677 | val_acc 36.22% | val_f1 33.70% | lr 9.96e-04 | 3.4s
[2026-05-14 22:27:54] INFO baseline:   >> new best macro-F1 33.70% (saved best.pt)
[2026-05-14 22:27:58] INFO baseline: epoch 007/80 | tr_loss 0.9150 | val_loss 1.6690 | val_acc 36.72% | val_f1 33.28% | lr 9.93e-04 | 3.4s
[2026-05-14 22:28:01] INFO baseline: epoch 008/80 | tr_loss 0.8834 | val_loss 1.7007 | val_acc 35.30% | val_f1 33.66% | lr 9.90e-04 | 3.4s
[2026-05-14 22:28:05] INFO baseline: epoch 009/80 | tr_loss 0.8528 | val_loss 1.8072 | val_acc 31.99% | val_f1 32.16% | lr 9.85e-04 | 3.3s
[2026-05-14 22:28:08] INFO baseline: epoch 010/80 | tr_loss 0.8372 | val_loss 1.8351 | val_acc 31.88% | val_f1 30.14% | lr 9.80e-04 | 3.3s
[2026-05-14 22:28:11] INFO baseline: epoch 011/80 | tr_loss 0.8274 | val_loss 1.8189 | val_acc 32.38% | val_f1 32.45% | lr 9.74e-04 | 3.5s
[2026-05-14 22:28:15] INFO baseline: epoch 012/80 | tr_loss 0.8263 | val_loss 1.7274 | val_acc 35.47% | val_f1 33.80% | lr 9.67e-04 | 3.4s
[2026-05-14 22:28:15] INFO baseline:   >> new best macro-F1 33.80% (saved best.pt)
[2026-05-14 22:28:18] INFO baseline: epoch 013/80 | tr_loss 0.8038 | val_loss 1.7874 | val_acc 33.85% | val_f1 32.45% | lr 9.59e-04 | 3.5s
[2026-05-14 22:28:22] INFO baseline: epoch 014/80 | tr_loss 0.7954 | val_loss 1.4890 | val_acc 44.78% | val_f1 40.81% | lr 9.50e-04 | 3.5s
[2026-05-14 22:28:22] INFO baseline:   >> new best macro-F1 40.81% (saved best.pt)
[2026-05-14 22:28:25] INFO baseline: epoch 015/80 | tr_loss 0.8046 | val_loss 1.4626 | val_acc 44.66% | val_f1 39.56% | lr 9.41e-04 | 3.5s
[2026-05-14 22:28:29] INFO baseline: epoch 016/80 | tr_loss 0.7769 | val_loss 1.5233 | val_acc 44.16% | val_f1 40.11% | lr 9.31e-04 | 3.4s
[2026-05-14 22:28:32] INFO baseline: epoch 017/80 | tr_loss 0.7573 | val_loss 1.5628 | val_acc 41.68% | val_f1 37.34% | lr 9.21e-04 | 3.4s
[2026-05-14 22:28:36] INFO baseline: epoch 018/80 | tr_loss 0.7806 | val_loss 1.7896 | val_acc 33.49% | val_f1 31.84% | lr 9.09e-04 | 3.4s
[2026-05-14 22:28:39] INFO baseline: epoch 019/80 | tr_loss 0.7604 | val_loss 1.5722 | val_acc 41.21% | val_f1 38.20% | lr 8.97e-04 | 3.4s
[2026-05-14 22:28:42] INFO baseline: epoch 020/80 | tr_loss 0.7623 | val_loss 1.4417 | val_acc 46.56% | val_f1 41.64% | lr 8.84e-04 | 3.3s
[2026-05-14 22:28:42] INFO baseline:   >> new best macro-F1 41.64% (saved best.pt)
[2026-05-14 22:28:46] INFO baseline: epoch 021/80 | tr_loss 0.7575 | val_loss 1.5177 | val_acc 43.69% | val_f1 40.13% | lr 8.71e-04 | 3.3s
[2026-05-14 22:28:49] INFO baseline: epoch 022/80 | tr_loss 0.7400 | val_loss 1.5180 | val_acc 43.19% | val_f1 40.10% | lr 8.57e-04 | 3.4s
[2026-05-14 22:28:52] INFO baseline: epoch 023/80 | tr_loss 0.7370 | val_loss 1.5452 | val_acc 42.55% | val_f1 40.33% | lr 8.43e-04 | 3.5s
[2026-05-14 22:28:56] INFO baseline: epoch 024/80 | tr_loss 0.7337 | val_loss 1.5428 | val_acc 42.16% | val_f1 40.13% | lr 8.27e-04 | 3.4s
[2026-05-14 22:28:59] INFO baseline: epoch 025/80 | tr_loss 0.7293 | val_loss 1.5057 | val_acc 44.41% | val_f1 41.12% | lr 8.12e-04 | 3.4s
[2026-05-14 22:29:03] INFO baseline: epoch 026/80 | tr_loss 0.7197 | val_loss 1.5754 | val_acc 41.35% | val_f1 39.57% | lr 7.96e-04 | 3.3s
[2026-05-14 22:29:06] INFO baseline: epoch 027/80 | tr_loss 0.7244 | val_loss 1.4627 | val_acc 45.81% | val_f1 42.80% | lr 7.79e-04 | 3.4s
[2026-05-14 22:29:06] INFO baseline:   >> new best macro-F1 42.80% (saved best.pt)
[2026-05-14 22:29:09] INFO baseline: epoch 028/80 | tr_loss 0.7187 | val_loss 1.4757 | val_acc 45.86% | val_f1 41.83% | lr 7.62e-04 | 3.4s
[2026-05-14 22:29:13] INFO baseline: epoch 029/80 | tr_loss 0.7089 | val_loss 1.4152 | val_acc 48.01% | val_f1 45.18% | lr 7.44e-04 | 3.4s
[2026-05-14 22:29:13] INFO baseline:   >> new best macro-F1 45.18% (saved best.pt)
[2026-05-14 22:29:16] INFO baseline: epoch 030/80 | tr_loss 0.7157 | val_loss 1.5199 | val_acc 44.02% | val_f1 41.45% | lr 7.26e-04 | 3.4s
[2026-05-14 22:29:19] INFO baseline: epoch 031/80 | tr_loss 0.6957 | val_loss 1.3787 | val_acc 49.46% | val_f1 45.76% | lr 7.08e-04 | 3.4s
[2026-05-14 22:29:20] INFO baseline:   >> new best macro-F1 45.76% (saved best.pt)
[2026-05-14 22:29:23] INFO baseline: epoch 032/80 | tr_loss 0.7050 | val_loss 1.3587 | val_acc 49.35% | val_f1 46.63% | lr 6.89e-04 | 3.3s
[2026-05-14 22:29:23] INFO baseline:   >> new best macro-F1 46.63% (saved best.pt)
[2026-05-14 22:29:26] INFO baseline: epoch 033/80 | tr_loss 0.7032 | val_loss 1.3990 | val_acc 48.76% | val_f1 45.91% | lr 6.70e-04 | 3.5s
[2026-05-14 22:29:30] INFO baseline: epoch 034/80 | tr_loss 0.7023 | val_loss 1.4190 | val_acc 47.76% | val_f1 44.24% | lr 6.51e-04 | 3.4s
[2026-05-14 22:29:33] INFO baseline: epoch 035/80 | tr_loss 0.7111 | val_loss 1.4669 | val_acc 46.03% | val_f1 43.67% | lr 6.31e-04 | 3.3s
[2026-05-14 22:29:36] INFO baseline: epoch 036/80 | tr_loss 0.6865 | val_loss 1.4086 | val_acc 48.23% | val_f1 44.78% | lr 6.11e-04 | 3.4s
[2026-05-14 22:29:40] INFO baseline: epoch 037/80 | tr_loss 0.7010 | val_loss 1.3805 | val_acc 50.40% | val_f1 45.77% | lr 5.91e-04 | 3.4s
[2026-05-14 22:29:43] INFO baseline: epoch 038/80 | tr_loss 0.6968 | val_loss 1.4801 | val_acc 45.44% | val_f1 43.08% | lr 5.71e-04 | 3.5s
[2026-05-14 22:29:47] INFO baseline: epoch 039/80 | tr_loss 0.7008 | val_loss 1.4341 | val_acc 47.76% | val_f1 44.45% | lr 5.51e-04 | 3.5s
[2026-05-14 22:29:50] INFO baseline: epoch 040/80 | tr_loss 0.7013 | val_loss 1.3738 | val_acc 49.60% | val_f1 46.58% | lr 5.31e-04 | 3.4s
[2026-05-14 22:29:54] INFO baseline: epoch 041/80 | tr_loss 0.6876 | val_loss 1.4265 | val_acc 48.59% | val_f1 45.46% | lr 5.10e-04 | 3.3s
[2026-05-14 22:29:57] INFO baseline: epoch 042/80 | tr_loss 0.6879 | val_loss 1.4316 | val_acc 47.73% | val_f1 43.25% | lr 4.90e-04 | 3.4s
[2026-05-14 22:30:01] INFO baseline: epoch 043/80 | tr_loss 0.6880 | val_loss 1.4396 | val_acc 47.17% | val_f1 44.26% | lr 4.69e-04 | 3.5s
[2026-05-14 22:30:04] INFO baseline: epoch 044/80 | tr_loss 0.6857 | val_loss 1.3937 | val_acc 49.71% | val_f1 46.34% | lr 4.49e-04 | 3.5s
[2026-05-14 22:30:08] INFO baseline: epoch 045/80 | tr_loss 0.6884 | val_loss 1.4574 | val_acc 46.98% | val_f1 44.71% | lr 4.29e-04 | 3.5s
[2026-05-14 22:30:11] INFO baseline: epoch 046/80 | tr_loss 0.6836 | val_loss 1.3957 | val_acc 49.76% | val_f1 46.35% | lr 4.09e-04 | 3.5s
[2026-05-14 22:30:15] INFO baseline: epoch 047/80 | tr_loss 0.6842 | val_loss 1.4200 | val_acc 48.68% | val_f1 45.19% | lr 3.89e-04 | 3.6s
[2026-05-14 22:30:15] INFO baseline: Early stop at epoch 47 (no improvement in 15).
[2026-05-14 22:30:31] INFO baseline: BEST epoch 32 | TEST acc 52.13% | macro-F1 48.97%
