[2026-05-16 19:04:50] INFO xai_guided: Device: cuda; out_dir: runs\S5_swin_tiny_xai_b3
[2026-05-16 19:04:51] INFO xai_guided: Masks: cam_size=14; train shape=(28709, 14, 14); blur_sigma=1.2
[2026-05-16 19:04:51] INFO xai_guided: Mask source: landmark | nonzero ratio: 1.000
[2026-05-16 19:04:53] INFO xai_guided: Loading init weights from runs/swin_tiny_baseline/best.pt
[2026-05-16 19:04:53] INFO xai_guided: Frozen stages [0, 1]: 1.19M params no-grad
[2026-05-16 19:04:53] INFO xai_guided: Model: swin_tiny_patch4_window7_224 | params: 27.52M total / 26.33M trainable | target_layer: SwinTransformerBlock (override=penultimate) | channels_last_2d: True
[2026-05-16 19:09:46] INFO xai_guided: epoch 001/18 | ce 0.4169 | attn 0.0000 (on=False) | del 0.0000 | val_acc 70.63% | val_f1 67.85% | lr 5.00e-05 | 293.0s
[2026-05-16 19:09:46] INFO xai_guided:   >> new best macro-F1 67.85%
[2026-05-16 19:14:19] INFO xai_guided: epoch 002/18 | ce 0.4284 | attn 0.0000 (on=False) | del 0.0000 | val_acc 69.38% | val_f1 66.89% | lr 4.96e-05 | 272.5s
[2026-05-16 19:18:54] INFO xai_guided: epoch 003/18 | ce 0.4215 | attn 0.0000 (on=False) | del 0.0000 | val_acc 70.44% | val_f1 68.74% | lr 4.83e-05 | 275.2s
[2026-05-16 19:18:54] INFO xai_guided:   >> new best macro-F1 68.74%
[2026-05-16 19:23:29] INFO xai_guided: epoch 004/18 | ce 0.4267 | attn 0.0000 (on=False) | del 0.0000 | val_acc 70.19% | val_f1 68.11% | lr 4.63e-05 | 275.0s
[2026-05-16 19:28:04] INFO xai_guided: epoch 005/18 | ce 0.4197 | attn 0.0000 (on=False) | del 0.0000 | val_acc 70.66% | val_f1 68.25% | lr 4.35e-05 | 275.3s
[2026-05-16 19:37:20] INFO xai_guided: epoch 006/18 | ce 0.4185 | attn 0.1921 (on=True) | del 0.1580 | val_acc 70.97% | val_f1 68.85% | lr 4.01e-05 | 556.2s
[2026-05-16 19:37:21] INFO xai_guided:   >> new best macro-F1 68.85%
[2026-05-16 19:46:33] INFO xai_guided: epoch 007/18 | ce 0.4138 | attn 0.1081 (on=True) | del 0.0135 | val_acc 70.10% | val_f1 67.71% | lr 3.61e-05 | 552.1s
[2026-05-16 19:55:46] INFO xai_guided: epoch 008/18 | ce 0.4117 | attn 0.0847 (on=True) | del 0.0087 | val_acc 70.88% | val_f1 68.76% | lr 3.18e-05 | 553.3s
[2026-05-16 20:05:09] INFO xai_guided: epoch 009/18 | ce 0.4093 | attn 0.0730 (on=True) | del 0.0055 | val_acc 70.94% | val_f1 67.99% | lr 2.73e-05 | 562.7s
[2026-05-16 20:14:49] INFO xai_guided: epoch 010/18 | ce 0.4042 | attn 0.0651 (on=True) | del 0.0039 | val_acc 70.63% | val_f1 68.07% | lr 2.27e-05 | 580.6s
[2026-05-16 20:24:37] INFO xai_guided: epoch 011/18 | ce 0.3969 | attn 0.0593 (on=True) | del 0.0036 | val_acc 70.97% | val_f1 68.37% | lr 1.82e-05 | 587.8s
[2026-05-16 20:33:14] INFO xai_guided: epoch 012/18 | ce 0.4046 | attn 0.0552 (on=True) | del 0.0034 | val_acc 70.97% | val_f1 68.18% | lr 1.39e-05 | 516.7s
[2026-05-16 20:33:14] INFO xai_guided: Early stop at epoch 12.
[2026-05-16 20:33:40] INFO xai_guided: BEST epoch 6 | TEST acc 72.42% | macro-F1 70.68%
