[B1] best.pt already present, skipping training
[B1] xai_eval/summary.json present, skipping
[B2] best.pt already present, skipping training
[B2] xai_eval/summary.json present, skipping

=== Winner B1 vs B2: B2 (F1: B1=69.74%, B2=70.15%) ===

[B3] patched to match B2: layer=penultimate, cam_size=14, freeze=[0, 1]
>>> C:\Users\mmmar\Desktop\yaas\fer\Scripts\python.exe -m src.train_xai_guided --config configs/abl/S5_swin_tiny_xai_b3.yaml
[2026-05-16 19:04:50] INFO xai_guided: Device: cuda; out_dir: runs\S5_swin_tiny_xai_b3
[2026-05-16 19:04:51] INFO xai_guided: Masks: cam_size=14; train shape=(28709, 14, 14); blur_sigma=1.2
[2026-05-16 19:04:51] INFO xai_guided: Mask source: landmark | nonzero ratio: 1.000
[2026-05-16 19:04:53] INFO xai_guided: Loading init weights from runs/swin_tiny_baseline/best.pt
[2026-05-16 19:04:53] INFO xai_guided: Frozen stages [0, 1]: 1.19M params no-grad
[2026-05-16 19:04:53] INFO xai_guided: Model: swin_tiny_patch4_window7_224 | params: 27.52M total / 26.33M trainable | target_layer: SwinTransformerBlock (override=penultimate) | channels_last_2d: True
[2026-05-16 19:09:46] INFO xai_guided: epoch 001/18 | ce 0.4169 | attn 0.0000 (on=False) | del 0.0000 | val_acc 70.63% | val_f1 67.85% | lr 5.00e-05 | 293.0s
[2026-05-16 19:09:46] INFO xai_guided:   >> new best macro-F1 67.85%
[2026-05-16 19:14:19] INFO xai_guided: epoch 002/18 | ce 0.4284 | attn 0.0000 (on=False) | del 0.0000 | val_acc 69.38% | val_f1 66.89% | lr 4.96e-05 | 272.5s
[2026-05-16 19:18:54] INFO xai_guided: epoch 003/18 | ce 0.4215 | attn 0.0000 (on=False) | del 0.0000 | val_acc 70.44% | val_f1 68.74% | lr 4.83e-05 | 275.2s
[2026-05-16 19:18:54] INFO xai_guided:   >> new best macro-F1 68.74%
[2026-05-16 19:23:29] INFO xai_guided: epoch 004/18 | ce 0.4267 | attn 0.0000 (on=False) | del 0.0000 | val_acc 70.19% | val_f1 68.11% | lr 4.63e-05 | 275.0s
[2026-05-16 19:28:04] INFO xai_guided: epoch 005/18 | ce 0.4197 | attn 0.0000 (on=False) | del 0.0000 | val_acc 70.66% | val_f1 68.25% | lr 4.35e-05 | 275.3s
[2026-05-16 19:37:20] INFO xai_guided: epoch 006/18 | ce 0.4185 | attn 0.1921 (on=True) | del 0.1580 | val_acc 70.97% | val_f1 68.85% | lr 4.01e-05 | 556.2s
[2026-05-16 19:37:21] INFO xai_guided:   >> new best macro-F1 68.85%
[2026-05-16 19:46:33] INFO xai_guided: epoch 007/18 | ce 0.4138 | attn 0.1081 (on=True) | del 0.0135 | val_acc 70.10% | val_f1 67.71% | lr 3.61e-05 | 552.1s
[2026-05-16 19:55:46] INFO xai_guided: epoch 008/18 | ce 0.4117 | attn 0.0847 (on=True) | del 0.0087 | val_acc 70.88% | val_f1 68.76% | lr 3.18e-05 | 553.3s
[2026-05-16 20:05:09] INFO xai_guided: epoch 009/18 | ce 0.4093 | attn 0.0730 (on=True) | del 0.0055 | val_acc 70.94% | val_f1 67.99% | lr 2.73e-05 | 562.7s
[2026-05-16 20:14:49] INFO xai_guided: epoch 010/18 | ce 0.4042 | attn 0.0651 (on=True) | del 0.0039 | val_acc 70.63% | val_f1 68.07% | lr 2.27e-05 | 580.6s
[2026-05-16 20:24:37] INFO xai_guided: epoch 011/18 | ce 0.3969 | attn 0.0593 (on=True) | del 0.0036 | val_acc 70.97% | val_f1 68.37% | lr 1.82e-05 | 587.8s
[2026-05-16 20:33:14] INFO xai_guided: epoch 012/18 | ce 0.4046 | attn 0.0552 (on=True) | del 0.0034 | val_acc 70.97% | val_f1 68.18% | lr 1.39e-05 | 516.7s
[2026-05-16 20:33:14] INFO xai_guided: Early stop at epoch 12.
[2026-05-16 20:33:40] INFO xai_guided: BEST epoch 6 | TEST acc 72.42% | macro-F1 70.68%
>>> C:\Users\mmmar\Desktop\yaas\fer\Scripts\python.exe -m src.xai_eval --config configs/abl/S5_swin_tiny_xai_b3.yaml --ckpt C:\Users\mmmar\Desktop\yaas\runs\S5_swin_tiny_xai_b3\best.pt --out C:\Users\mmmar\Desktop\yaas\runs\S5_swin_tiny_xai_b3\xai_eval
{'deletion_auc': 0.134603813290596, 'insertion_auc': 0.5026639103889465, 'aopc': 0.3535924255847931, 'pointing_game': 0.4875, 'faithfulness_corr': 0.38756611943244934, 'gini_sparsity': 0.680787980556488, 'n_samples': 480}
Saved XAI eval to C:\Users\mmmar\Desktop\yaas\runs\S5_swin_tiny_xai_b3\xai_eval


========== S5 SWEEP RESULTS ==========

| Run | val_acc | val_f1 | del_auc | ins_auc | pg | faith_corr | gini |
|-----|---------|--------|---------|---------|----|------------|------|
| B1 | 72.19% | 69.74% | 0.2024 | 0.5108 | 0.4521 | nan | 0.4754 |
| B2 | 72.33% | 70.15% | 0.2003 | 0.5203 | 0.5375 | nan | 0.6601 |
| B3 | 70.97% | 68.85% | 0.1346 | 0.5027 | 0.4875 | nan | 0.6808 |
