[2026-05-14 23:45:52] INFO xai_guided: Device: cuda; out_dir: runs\S4_resnet50_xai
[2026-05-14 23:45:52] INFO xai_guided: Masks: cam_size=14; train shape=(28709, 14, 14)
[2026-05-14 23:45:52] INFO xai_guided: Mask source: landmark | nonzero ratio: 0.862
[2026-05-14 23:45:54] INFO xai_guided: Loading init weights from runs/resnet50_baseline/best.pt
[2026-05-14 23:45:54] INFO xai_guided: Model: resnet50 | params: 23.52M | target_layer: Bottleneck
[2026-05-14 23:49:48] INFO xai_guided: epoch 001/18 | ce 0.3837 | attn 0.0000 (on=False) | val_acc 67.21% | val_f1 64.67% | lr 1.50e-04 | 233.7s
[2026-05-14 23:49:48] INFO xai_guided:   >> new best macro-F1 64.67%
[2026-05-14 23:53:10] INFO xai_guided: epoch 002/18 | ce 0.4093 | attn 0.1754 (on=True) | val_acc 65.98% | val_f1 65.10% | lr 3.00e-04 | 201.7s
[2026-05-14 23:53:10] INFO xai_guided:   >> new best macro-F1 65.10%
[2026-05-14 23:56:32] INFO xai_guided: epoch 003/18 | ce 0.4283 | attn 0.0543 (on=True) | val_acc 66.29% | val_f1 64.28% | lr 2.97e-04 | 202.0s
[2026-05-14 23:59:51] INFO xai_guided: epoch 004/18 | ce 0.4249 | attn 0.0416 (on=True) | val_acc 67.15% | val_f1 64.45% | lr 2.89e-04 | 199.0s
[2026-05-15 00:03:10] INFO xai_guided: epoch 005/18 | ce 0.4148 | attn 0.0364 (on=True) | val_acc 66.59% | val_f1 64.44% | lr 2.75e-04 | 198.4s
[2026-05-15 00:06:28] INFO xai_guided: epoch 006/18 | ce 0.4131 | attn 0.0319 (on=True) | val_acc 65.23% | val_f1 62.72% | lr 2.56e-04 | 198.4s
[2026-05-15 00:09:46] INFO xai_guided: epoch 007/18 | ce 0.4096 | attn 0.0298 (on=True) | val_acc 67.40% | val_f1 66.34% | lr 2.33e-04 | 197.9s
[2026-05-15 00:09:46] INFO xai_guided:   >> new best macro-F1 66.34%
[2026-05-15 00:13:04] INFO xai_guided: epoch 008/18 | ce 0.4009 | attn 0.0278 (on=True) | val_acc 66.87% | val_f1 66.01% | lr 2.07e-04 | 197.6s
[2026-05-15 00:16:21] INFO xai_guided: epoch 009/18 | ce 0.3932 | attn 0.0268 (on=True) | val_acc 67.37% | val_f1 65.92% | lr 1.79e-04 | 197.6s
[2026-05-15 00:19:40] INFO xai_guided: epoch 010/18 | ce 0.3847 | attn 0.0252 (on=True) | val_acc 68.32% | val_f1 66.22% | lr 1.50e-04 | 198.8s
[2026-05-15 00:22:59] INFO xai_guided: epoch 011/18 | ce 0.3862 | attn 0.0243 (on=True) | val_acc 68.65% | val_f1 67.31% | lr 1.21e-04 | 199.3s
[2026-05-15 00:22:59] INFO xai_guided:   >> new best macro-F1 67.31%
[2026-05-15 00:26:17] INFO xai_guided: epoch 012/18 | ce 0.3786 | attn 0.0233 (on=True) | val_acc 68.43% | val_f1 67.13% | lr 9.26e-05 | 197.2s
[2026-05-15 00:29:34] INFO xai_guided: epoch 013/18 | ce 0.3750 | attn 0.0226 (on=True) | val_acc 68.54% | val_f1 66.49% | lr 6.67e-05 | 197.6s
[2026-05-15 00:32:52] INFO xai_guided: epoch 014/18 | ce 0.3740 | attn 0.0223 (on=True) | val_acc 68.96% | val_f1 67.02% | lr 4.39e-05 | 197.6s
[2026-05-15 00:36:09] INFO xai_guided: epoch 015/18 | ce 0.3678 | attn 0.0219 (on=True) | val_acc 68.77% | val_f1 66.86% | lr 2.53e-05 | 196.8s
[2026-05-15 00:39:25] INFO xai_guided: epoch 016/18 | ce 0.3722 | attn 0.0216 (on=True) | val_acc 68.74% | val_f1 66.58% | lr 1.14e-05 | 196.3s
[2026-05-15 00:42:41] INFO xai_guided: epoch 017/18 | ce 0.3690 | attn 0.0216 (on=True) | val_acc 68.40% | val_f1 66.17% | lr 2.88e-06 | 195.9s
[2026-05-15 00:42:41] INFO xai_guided: Early stop at epoch 17.
[2026-05-15 00:43:04] INFO xai_guided: BEST epoch 11 | TEST acc 69.94% | macro-F1 67.51%
