[2026-05-15 19:55:25] INFO baseline: Device: cuda; out_dir: runs\swin_tiny_baseline
[2026-05-15 19:55:25] INFO baseline: Train batches: 897 | Val: 113 | Test: 113
[2026-05-15 19:55:34] INFO baseline: Model: swin_tiny_patch4_window7_224 | params: 27.52M
[2026-05-15 19:58:35] INFO baseline: epoch 001/30 | tr_loss 1.1714 | val_loss 1.6839 | val_acc 39.62% | val_f1 38.85% | lr 3.34e-05 | 180.7s
[2026-05-15 19:58:35] INFO baseline:   >> new best macro-F1 38.85% (saved best.pt)
[2026-05-15 20:01:02] INFO baseline: epoch 002/30 | tr_loss 0.8302 | val_loss 1.4193 | val_acc 50.96% | val_f1 46.24% | lr 6.67e-05 | 146.5s
[2026-05-15 20:01:02] INFO baseline:   >> new best macro-F1 46.24% (saved best.pt)
[2026-05-15 20:03:29] INFO baseline: epoch 003/30 | tr_loss 0.7445 | val_loss 1.2463 | val_acc 59.43% | val_f1 54.48% | lr 1.00e-04 | 146.8s
[2026-05-15 20:03:29] INFO baseline:   >> new best macro-F1 54.48% (saved best.pt)
[2026-05-15 20:05:56] INFO baseline: epoch 004/30 | tr_loss 0.7065 | val_loss 1.1805 | val_acc 62.39% | val_f1 59.00% | lr 9.97e-05 | 147.1s
[2026-05-15 20:05:56] INFO baseline:   >> new best macro-F1 59.00% (saved best.pt)
[2026-05-15 20:08:23] INFO baseline: epoch 005/30 | tr_loss 0.6673 | val_loss 1.1129 | val_acc 64.59% | val_f1 61.01% | lr 9.87e-05 | 147.1s
[2026-05-15 20:08:23] INFO baseline:   >> new best macro-F1 61.01% (saved best.pt)
[2026-05-15 20:10:50] INFO baseline: epoch 006/30 | tr_loss 0.6387 | val_loss 1.1034 | val_acc 64.81% | val_f1 62.54% | lr 9.70e-05 | 147.2s
[2026-05-15 20:10:50] INFO baseline:   >> new best macro-F1 62.54% (saved best.pt)
[2026-05-15 20:13:18] INFO baseline: epoch 007/30 | tr_loss 0.6151 | val_loss 1.0861 | val_acc 66.90% | val_f1 64.82% | lr 9.47e-05 | 147.5s
[2026-05-15 20:13:18] INFO baseline:   >> new best macro-F1 64.82% (saved best.pt)
[2026-05-15 20:15:45] INFO baseline: epoch 008/30 | tr_loss 0.5921 | val_loss 1.1100 | val_acc 65.90% | val_f1 64.58% | lr 9.18e-05 | 147.2s
[2026-05-15 20:18:13] INFO baseline: epoch 009/30 | tr_loss 0.5684 | val_loss 1.0516 | val_acc 67.71% | val_f1 66.00% | lr 8.83e-05 | 147.3s
[2026-05-15 20:18:13] INFO baseline:   >> new best macro-F1 66.00% (saved best.pt)
[2026-05-15 20:20:40] INFO baseline: epoch 010/30 | tr_loss 0.5539 | val_loss 1.0716 | val_acc 67.40% | val_f1 67.15% | lr 8.43e-05 | 147.2s
[2026-05-15 20:20:40] INFO baseline:   >> new best macro-F1 67.15% (saved best.pt)
[2026-05-15 20:23:07] INFO baseline: epoch 011/30 | tr_loss 0.5275 | val_loss 1.0818 | val_acc 68.85% | val_f1 67.33% | lr 7.99e-05 | 146.6s
[2026-05-15 20:23:07] INFO baseline:   >> new best macro-F1 67.33% (saved best.pt)
[2026-05-15 20:25:34] INFO baseline: epoch 012/30 | tr_loss 0.5275 | val_loss 1.0574 | val_acc 68.35% | val_f1 67.05% | lr 7.50e-05 | 147.0s
[2026-05-15 20:28:01] INFO baseline: epoch 013/30 | tr_loss 0.4973 | val_loss 1.0572 | val_acc 69.38% | val_f1 67.68% | lr 6.98e-05 | 147.0s
[2026-05-15 20:28:01] INFO baseline:   >> new best macro-F1 67.68% (saved best.pt)
[2026-05-15 20:30:32] INFO baseline: epoch 014/30 | tr_loss 0.4807 | val_loss 1.0961 | val_acc 69.35% | val_f1 66.55% | lr 6.43e-05 | 151.1s
[2026-05-15 20:33:02] INFO baseline: epoch 015/30 | tr_loss 0.4749 | val_loss 1.1078 | val_acc 69.30% | val_f1 66.92% | lr 5.87e-05 | 150.4s
[2026-05-15 20:35:37] INFO baseline: epoch 016/30 | tr_loss 0.4582 | val_loss 1.0974 | val_acc 70.13% | val_f1 68.19% | lr 5.29e-05 | 154.8s
[2026-05-15 20:35:38] INFO baseline:   >> new best macro-F1 68.19% (saved best.pt)
[2026-05-15 20:38:10] INFO baseline: epoch 017/30 | tr_loss 0.4456 | val_loss 1.1233 | val_acc 69.38% | val_f1 67.73% | lr 4.71e-05 | 152.4s
[2026-05-15 20:40:42] INFO baseline: epoch 018/30 | tr_loss 0.4414 | val_loss 1.1201 | val_acc 70.80% | val_f1 68.13% | lr 4.13e-05 | 152.3s
[2026-05-15 20:43:20] INFO baseline: epoch 019/30 | tr_loss 0.4308 | val_loss 1.1227 | val_acc 70.63% | val_f1 67.65% | lr 3.57e-05 | 157.8s
[2026-05-15 20:45:54] INFO baseline: epoch 020/30 | tr_loss 0.4145 | val_loss 1.1326 | val_acc 70.49% | val_f1 67.74% | lr 3.02e-05 | 153.5s
[2026-05-15 20:48:28] INFO baseline: epoch 021/30 | tr_loss 0.4134 | val_loss 1.1226 | val_acc 70.77% | val_f1 67.61% | lr 2.50e-05 | 154.7s
[2026-05-15 20:50:55] INFO baseline: epoch 022/30 | tr_loss 0.4156 | val_loss 1.1511 | val_acc 70.16% | val_f1 66.62% | lr 2.01e-05 | 146.5s
[2026-05-15 20:53:20] INFO baseline: epoch 023/30 | tr_loss 0.4111 | val_loss 1.1480 | val_acc 70.74% | val_f1 68.20% | lr 1.57e-05 | 144.8s
[2026-05-15 20:53:20] INFO baseline:   >> new best macro-F1 68.20% (saved best.pt)
[2026-05-15 20:55:44] INFO baseline: epoch 024/30 | tr_loss 0.4048 | val_loss 1.1564 | val_acc 70.16% | val_f1 67.17% | lr 1.17e-05 | 144.5s
[2026-05-15 20:58:09] INFO baseline: epoch 025/30 | tr_loss 0.3928 | val_loss 1.1550 | val_acc 70.74% | val_f1 68.00% | lr 8.23e-06 | 144.6s
[2026-05-15 21:00:34] INFO baseline: epoch 026/30 | tr_loss 0.3989 | val_loss 1.1565 | val_acc 70.33% | val_f1 67.37% | lr 5.32e-06 | 144.6s
[2026-05-15 21:02:58] INFO baseline: epoch 027/30 | tr_loss 0.3896 | val_loss 1.1579 | val_acc 70.38% | val_f1 66.91% | lr 3.02e-06 | 144.6s
[2026-05-15 21:05:23] INFO baseline: epoch 028/30 | tr_loss 0.4021 | val_loss 1.1550 | val_acc 70.72% | val_f1 67.29% | lr 1.35e-06 | 145.2s
[2026-05-15 21:07:54] INFO baseline: epoch 029/30 | tr_loss 0.3945 | val_loss 1.1569 | val_acc 70.83% | val_f1 67.57% | lr 3.38e-07 | 150.3s
[2026-05-15 21:10:20] INFO baseline: epoch 030/30 | tr_loss 0.3965 | val_loss 1.1563 | val_acc 70.86% | val_f1 67.51% | lr 0.00e+00 | 146.7s
[2026-05-15 21:10:47] INFO baseline: BEST epoch 23 | TEST acc 72.28% | macro-F1 70.37%
