[2026-05-16 15:39:43] INFO xai_guided: Device: cuda; out_dir: runs\S5_swin_tiny_xai_b2
[2026-05-16 15:39:45] INFO xai_guided: Masks: cam_size=14; train shape=(28709, 14, 14); blur_sigma=1.2
[2026-05-16 15:39:45] INFO xai_guided: Mask source: landmark | nonzero ratio: 1.000
[2026-05-16 15:39:48] INFO xai_guided: Loading init weights from runs/swin_tiny_baseline/best.pt
[2026-05-16 15:39:48] INFO xai_guided: Frozen stages [0, 1]: 1.19M params no-grad
[2026-05-16 15:39:48] INFO xai_guided: Model: swin_tiny_patch4_window7_224 | params: 27.52M total / 26.33M trainable | target_layer: SwinTransformerBlock (override=penultimate) | channels_last_2d: True
[2026-05-16 16:01:59] INFO xai_guided: epoch 001/18 | ce 0.4173 | attn 0.0000 (on=False) | del 0.0000 | val_acc 69.43% | val_f1 66.53% | lr 5.00e-05 | 1330.5s
[2026-05-16 16:01:59] INFO xai_guided:   >> new best macro-F1 66.53%
[2026-05-16 16:06:17] INFO xai_guided: epoch 002/18 | ce 0.4289 | attn 0.0000 (on=False) | del 0.0000 | val_acc 69.41% | val_f1 66.72% | lr 4.96e-05 | 258.4s
[2026-05-16 16:06:17] INFO xai_guided:   >> new best macro-F1 66.72%
[2026-05-16 16:10:38] INFO xai_guided: epoch 003/18 | ce 0.4216 | attn 0.0000 (on=False) | del 0.0000 | val_acc 70.21% | val_f1 67.36% | lr 4.83e-05 | 261.0s
[2026-05-16 16:10:39] INFO xai_guided:   >> new best macro-F1 67.36%
[2026-05-16 16:14:47] INFO xai_guided: epoch 004/18 | ce 0.4261 | attn 0.0000 (on=False) | del 0.0000 | val_acc 70.05% | val_f1 68.03% | lr 4.63e-05 | 248.8s
[2026-05-16 16:14:47] INFO xai_guided:   >> new best macro-F1 68.03%
[2026-05-16 16:18:55] INFO xai_guided: epoch 005/18 | ce 0.4195 | attn 0.0000 (on=False) | del 0.0000 | val_acc 70.88% | val_f1 68.43% | lr 4.35e-05 | 247.4s
[2026-05-16 16:18:55] INFO xai_guided:   >> new best macro-F1 68.43%
[2026-05-16 16:23:41] INFO xai_guided: epoch 006/18 | ce 0.4184 | attn 0.1935 (on=True) | del 0.0000 | val_acc 70.69% | val_f1 67.90% | lr 4.01e-05 | 286.0s
[2026-05-16 16:28:28] INFO xai_guided: epoch 007/18 | ce 0.4135 | attn 0.1070 (on=True) | del 0.0000 | val_acc 70.66% | val_f1 68.83% | lr 3.61e-05 | 286.8s
[2026-05-16 16:28:28] INFO xai_guided:   >> new best macro-F1 68.83%
[2026-05-16 16:33:15] INFO xai_guided: epoch 008/18 | ce 0.4103 | attn 0.0843 (on=True) | del 0.0000 | val_acc 71.64% | val_f1 69.84% | lr 3.18e-05 | 287.1s
[2026-05-16 16:33:15] INFO xai_guided:   >> new best macro-F1 69.84%
[2026-05-16 16:38:01] INFO xai_guided: epoch 009/18 | ce 0.4084 | attn 0.0719 (on=True) | del 0.0000 | val_acc 71.05% | val_f1 68.88% | lr 2.73e-05 | 285.9s
[2026-05-16 16:42:48] INFO xai_guided: epoch 010/18 | ce 0.4034 | attn 0.0641 (on=True) | del 0.0000 | val_acc 71.30% | val_f1 69.26% | lr 2.27e-05 | 286.4s
[2026-05-16 16:47:34] INFO xai_guided: epoch 011/18 | ce 0.3970 | attn 0.0582 (on=True) | del 0.0000 | val_acc 71.30% | val_f1 69.10% | lr 1.82e-05 | 286.3s
[2026-05-16 16:52:29] INFO xai_guided: epoch 012/18 | ce 0.4051 | attn 0.0547 (on=True) | del 0.0000 | val_acc 71.69% | val_f1 70.04% | lr 1.39e-05 | 295.3s
[2026-05-16 16:52:29] INFO xai_guided:   >> new best macro-F1 70.04%
[2026-05-16 16:57:51] INFO xai_guided: epoch 013/18 | ce 0.3926 | attn 0.0516 (on=True) | del 0.0000 | val_acc 71.69% | val_f1 68.99% | lr 9.93e-06 | 321.7s
[2026-05-16 17:03:16] INFO xai_guided: epoch 014/18 | ce 0.3881 | attn 0.0488 (on=True) | del 0.0000 | val_acc 72.33% | val_f1 70.15% | lr 6.52e-06 | 324.9s
[2026-05-16 17:03:16] INFO xai_guided:   >> new best macro-F1 70.15%
[2026-05-16 17:08:48] INFO xai_guided: epoch 015/18 | ce 0.3919 | attn 0.0473 (on=True) | del 0.0000 | val_acc 72.08% | val_f1 69.62% | lr 3.74e-06 | 331.5s
[2026-05-16 17:14:23] INFO xai_guided: epoch 016/18 | ce 0.3877 | attn 0.0466 (on=True) | del 0.0000 | val_acc 71.80% | val_f1 69.39% | lr 1.69e-06 | 335.7s
[2026-05-16 17:20:00] INFO xai_guided: epoch 017/18 | ce 0.3869 | attn 0.0461 (on=True) | del 0.0000 | val_acc 71.91% | val_f1 69.58% | lr 4.26e-07 | 336.6s
[2026-05-16 17:25:36] INFO xai_guided: epoch 018/18 | ce 0.3886 | attn 0.0457 (on=True) | del 0.0000 | val_acc 72.00% | val_f1 69.71% | lr 0.00e+00 | 335.9s
[2026-05-16 17:26:03] INFO xai_guided: BEST epoch 14 | TEST acc 73.45% | macro-F1 70.97%
